// Jest Snapshot v1, https://goo.gl/fbAQLP

exports[`Test GridComponent 1`] = `
<div
  className="container"
>
  <div>
    <div
      className="grid-row col"
    >
      <div
        className="block col"
      >
        o
      </div>
      <div
        className="block col"
      >
        r
      </div>
      <div
        className="block col"
      >
        t
      </div>
    </div>
    <div
      className="grid-row col"
    >
      <div
        className="block col"
      >
        o
      </div>
      <div
        className="block current-block col"
      >
        <img
          alt="bulldozer"
          src="bulldozer.gif"
          style={
            Object {
              "transform": "rotateY(180deg)",
            }
          }
        />
      </div>
      <div
        className="block col"
      >
        T
      </div>
    </div>
    <div
      className="grid-row col"
    >
      <div
        className="block col"
      >
        o
      </div>
      <div
        className="block col"
      >
        r
      </div>
      <div
        className="block col"
      >
        
      </div>
    </div>
  </div>
</div>
`;
